// Jest Snapshot v1, https://goo.gl/fbAQLP

exports[`should render the edit expense correctly 1`] = `
<div>
  <h1>
    Edit Expense
  </h1>
  <ExpenseForm
    expense={
      Object {
        "amount": 1,
        "createdAt": 10368000000,
        "description": "Jamnik",
        "id": "3",
        "note": "Pies Jamnik",
      }
    }
    onSubmit={[Function]}
  />
  <button
    onClick={[Function]}
  >
    Remove expense
  </button>
</div>
`;
