// Jest Snapshot v1, https://goo.gl/fbAQLP

exports[`should render the edit expense correctly 1`] = `
<div>
  <div
    className="page-header"
  >
    <div
      className="content-container"
    >
      <h1
        className="page-header__title"
      >
        Edit Expense
      </h1>
    </div>
  </div>
  <div
    className="content-container"
  >
    <ExpenseForm
      expense={
        Object {
          "amount": 1,
          "createdAt": 10368000000,
          "description": "Jamnik",
          "id": "3",
          "note": "Pies Jamnik",
        }
      }
      onSubmit={[Function]}
    />
    <button
      className="button button-red"
      onClick={[Function]}
    >
      Remove expense
    </button>
  </div>
</div>
`;
