// Jest Snapshot v1, https://goo.gl/fbAQLP

exports[`should render expense item correctly 1`] = `
<div>
  <[object Object]
    to="/edit/1"
  >
    <h3>
      Description: 
      Gum
    </h3>
  </[object Object]>
  <p>
    Note: 
    Pies Gum
  </p>
  <p>
    Amount: 
    $1.23
     - created at:
     
    January 1st, 1970
  </p>
</div>
`;
